<?xml version="1.0" encoding="UTF-8"?>
<testsuites>
    <testsuite name="bookmark-a-job;bookmark-a-job-kitalulus" tests="6" failures="1" skipped="1">
        <properties>
            <property name="@BookmarkJobKitalulus" value="true">
            </property>
            <property name="URI" value="/Users/nbmhqa023/Documents/Belajar Git/test/kitalulus/selenium-cucumber-js-web/features/bookmark.feature">
            </property>
        </properties>
        <testcase name="Given User on the Kitalulus homepage" classname="bookmark-a-job;bookmark-a-job-kitalulus" time="5.207554037">
        </testcase>
        <testcase name="When User should see &quot;Cari posisi dan perusahaan impianmu&quot;" classname="bookmark-a-job;bookmark-a-job-kitalulus" time="0.107436088">
        </testcase>
        <testcase name="And User can input &quot;QA Engineer&quot; to search vacancy" classname="bookmark-a-job;bookmark-a-job-kitalulus" time="1.581010083">
        </testcase>
        <testcase name="And User should see bookmark button" classname="bookmark-a-job;bookmark-a-job-kitalulus" time="0.017716992">
        </testcase>
        <testcase name="And User can click bookmark button" classname="bookmark-a-job;bookmark-a-job-kitalulus" time="3.50527017">
            <failure message="NoSuchWindowError: no such window: window was already closed">NoSuchWindowError: no such window: window was already closed
  (Session info: chrome=101.0.4951.41)
  (Driver info: chromedriver=101.0.4951.41 (93c720db8323b3ec10d056025ab95c23a31997c9-refs/branch-heads/4951@{#904}),platform=Mac OS X 12.3.1 x86_64)
    at Object.checkLegacyResponse (/Users/nbmhqa023/Documents/Belajar Git/test/kitalulus/selenium-cucumber-js-web/node_modules/selenium-webdriver/lib/error.js:529:15)
    at parseHttpResponse (/Users/nbmhqa023/Documents/Belajar Git/test/kitalulus/selenium-cucumber-js-web/node_modules/selenium-webdriver/lib/http.js:509:13)
    at /Users/nbmhqa023/Documents/Belajar Git/test/kitalulus/selenium-cucumber-js-web/node_modules/selenium-webdriver/lib/http.js:441:30
    at runMicrotasks (&lt;anonymous&gt;)
    at processTicksAndRejections (node:internal/process/task_queues:96:5)
From: Task: WebDriver.findElements(By(css selector, img[alt=&apos;bookmark active&apos;]))
    at thenableWebDriverProxy.schedule (/Users/nbmhqa023/Documents/Belajar Git/test/kitalulus/selenium-cucumber-js-web/node_modules/selenium-webdriver/lib/webdriver.js:807:17)
    at thenableWebDriverProxy.findElements (/Users/nbmhqa023/Documents/Belajar Git/test/kitalulus/selenium-cucumber-js-web/node_modules/selenium-webdriver/lib/webdriver.js:1048:22)
    at /Users/nbmhqa023/Documents/Belajar Git/test/kitalulus/selenium-cucumber-js-web/node_modules/selenium-webdriver/lib/until.js:243:23
    at /Users/nbmhqa023/Documents/Belajar Git/test/kitalulus/selenium-cucumber-js-web/node_modules/selenium-webdriver/lib/webdriver.js:938:14
    at TaskQueue.execute_ (/Users/nbmhqa023/Documents/Belajar Git/test/kitalulus/selenium-cucumber-js-web/node_modules/selenium-webdriver/lib/promise.js:3092:14)
    at TaskQueue.executeNext_ (/Users/nbmhqa023/Documents/Belajar Git/test/kitalulus/selenium-cucumber-js-web/node_modules/selenium-webdriver/lib/promise.js:3075:27)
    at /Users/nbmhqa023/Documents/Belajar Git/test/kitalulus/selenium-cucumber-js-web/node_modules/selenium-webdriver/lib/promise.js:2982:25
    at /Users/nbmhqa023/Documents/Belajar Git/test/kitalulus/selenium-cucumber-js-web/node_modules/selenium-webdriver/lib/promise.js:676:7
From: Task: &lt;anonymous&gt;
    at Timeout.pollCondition [as _onTimeout] (/Users/nbmhqa023/Documents/Belajar Git/test/kitalulus/selenium-cucumber-js-web/node_modules/selenium-webdriver/lib/promise.js:2203:19)
    at listOnTimeout (node:internal/timers:559:17)
    at processTimers (node:internal/timers:502:7)
From: Task: Waiting for element to be located By(css selector, img[alt=&apos;bookmark active&apos;])
    at scheduleWait (/Users/nbmhqa023/Documents/Belajar Git/test/kitalulus/selenium-cucumber-js-web/node_modules/selenium-webdriver/lib/promise.js:2196:20)
    at ControlFlow.wait (/Users/nbmhqa023/Documents/Belajar Git/test/kitalulus/selenium-cucumber-js-web/node_modules/selenium-webdriver/lib/promise.js:2525:12)
    at thenableWebDriverProxy.wait (/Users/nbmhqa023/Documents/Belajar Git/test/kitalulus/selenium-cucumber-js-web/node_modules/selenium-webdriver/lib/webdriver.js:934:29)
    at /Users/nbmhqa023/Documents/Belajar Git/test/kitalulus/selenium-cucumber-js-web/page-objects/bookmark.js:34:20
    at ManagedPromise.invokeCallback_ (/Users/nbmhqa023/Documents/Belajar Git/test/kitalulus/selenium-cucumber-js-web/node_modules/selenium-webdriver/lib/promise.js:1384:14)
    at TaskQueue.execute_ (/Users/nbmhqa023/Documents/Belajar Git/test/kitalulus/selenium-cucumber-js-web/node_modules/selenium-webdriver/lib/promise.js:3092:14)
    at TaskQueue.executeNext_ (/Users/nbmhqa023/Documents/Belajar Git/test/kitalulus/selenium-cucumber-js-web/node_modules/selenium-webdriver/lib/promise.js:3075:27)
    at /Users/nbmhqa023/Documents/Belajar Git/test/kitalulus/selenium-cucumber-js-web/node_modules/selenium-webdriver/lib/promise.js:2935:27
    at /Users/nbmhqa023/Documents/Belajar Git/test/kitalulus/selenium-cucumber-js-web/node_modules/selenium-webdriver/lib/promise.js:676:7
    at runMicrotasks (&lt;anonymous&gt;)</failure>
        </testcase>
        <testcase name="Then User should see bookmark button with red background" classname="bookmark-a-job;bookmark-a-job-kitalulus">
            <skipped message="">
            </skipped>
        </testcase>
    </testsuite>
</testsuites>